<html>
<body>
<pre>
<h1>礦ision Build Log</h1>
<h2>Tool Versions:</h2>
IDE-Version: μVision V5.16a
Copyright (C) 2015 ARM Ltd and ARM Germany GmbH. All rights reserved.
License Information: 1 1, 1, LIC=MPPLD-8CC39-74ES0-BANXA-WJZCB-FT6E4
 
Tool Versions:
Toolchain:       MDK-ARM Standard  Version: 5.16a
Toolchain Path:  C:\Keil_v5\ARM\ARMCC\Bin
C Compiler:      Armcc.exe V5.06 (build 20)
Assembler:       Armasm.exe V5.06 (build 20)
Linker/Locator:  ArmLink.exe V5.06 (build 20)
Library Manager: ArmAr.exe V5.06 (build 20)
Hex Converter:   FromElf.exe V5.06 (build 20)
CPU DLL:         SARMCM3.DLL V5.16a
Dialog DLL:      DCM.DLL V1.13.2.0
Target DLL:      STLink\ST-LINKIII-KEIL_SWO.dll V2.0.17.0
Dialog DLL:      TCM.DLL V1.14.5.0
 
<h2>Project:</h2>
E:\2026年项目\PWM信号发生器\ALIENTEK MINISTM32 实验9 输入捕获实验 -20250515\USER\ICAPTURE.uvprojx
Project File Date:  05/23/2026

<h2>Output:</h2>
*** Using Compiler 'V5.06 (build 20)', folder: 'C:\Keil_v5\ARM\ARMCC\Bin'
Rebuild target 'Target 1'
compiling led.c...
compiling main.c...
compiling timer.c...
compiling stm32f10x_it.c...
compiling system_stm32f10x.c...
compiling adc.c...
compiling myiic.c...
compiling key.c...
compiling ott2001a.c...
compiling ctiic.c...
compiling 24cxx.c...
compiling gt9147.c...
compiling ft5206.c...
compiling touch.c...
compiling dac.c...
compiling Encoder.c...
assembling startup_stm32f10x_hd.s...
compiling oled_show.c...
compiling oled.c...
compiling pwm_engine.c...
compiling fg_capture.c...
compiling lcd.c...
compiling protocol.c...
compiling delay.c...
compiling menu.c...
compiling core_cm3.c...
compiling usart.c...
compiling ui_render.c...
compiling stm32f10x_gpio.c...
compiling sys.c...
compiling stm32f10x_rcc.c...
compiling misc.c...
compiling stm32f10x_usart.c...
compiling stm32f10x_dac.c...
compiling stm32f10x_adc.c...
compiling stm32f10x_tim.c...
linking...
Program Size: Code=19440 RO-data=7936 RW-data=148 ZI-data=5156  
FromELF: creating hex file...
"..\OBJ\ICAPTURE.axf" - 0 Error(s), 0 Warning(s).

<h2>Collection of Component include folders:</h2>
  E:\2026年项目\PWM信号发生器\ALIENTEK MINISTM32 实验9 输入捕获实验 -20250515\USER\RTE
  C:\Keil_v5\ARM\PACK\Keil\STM32F1xx_DFP\2.0.0\Device\Include

<h2>Collection of Component Files used:</h2>
Build Time Elapsed:  00:00:03
</pre>
</body>
</html>
